#-----------------------------------------------------------
# Vivado v2018.3 (64-bit)
# SW Build 2405991 on Thu Dec  6 23:38:27 MST 2018
# IP Build 2404404 on Fri Dec  7 01:43:56 MST 2018
# Start of session at: Wed Oct  9 11:14:57 2019
# Process ID: 14456
# Current directory: C:/Users/TI LAB/Desktop/MIPS-32/PP
# Command line: vivado.exe -gui_launcher_event rodinguilauncherevent12308 C:\Users\TI LAB\Desktop\MIPS-32\PP\project_1.xpr
# Log file: C:/Users/TI LAB/Desktop/MIPS-32/PP/vivado.log
# Journal file: C:/Users/TI LAB/Desktop/MIPS-32/PP\vivado.jou
#-----------------------------------------------------------
start_gui
open_project {C:/Users/TI LAB/Desktop/MIPS-32/PP/project_1.xpr}
update_compile_order -fileset sources_1
launch_simulation
source testBench.tcl
close_sim
# Disabling source management mode.  This is to allow the top design properties to be set without GUI intervention.
set_property source_mgmt_mode None [current_project]
set_property top CU [get_filesets sim_1]
set_property top_lib xil_defaultlib [get_filesets sim_1]
# Re-enabling previously disabled source management mode.
set_property source_mgmt_mode All [current_project]
launch_simulation
source CU.tcl
# Disabling source management mode.  This is to allow the top design properties to be set without GUI intervention.
set_property source_mgmt_mode None [current_project]
set_property top testBench [get_filesets sim_1]
set_property top_lib xil_defaultlib [get_filesets sim_1]
# Re-enabling previously disabled source management mode.
set_property source_mgmt_mode All [current_project]
launch_simulation
launch_simulation
launch_simulation
source testBench.tcl
close_sim
close_sim
# Disabling source management mode.  This is to allow the top design properties to be set without GUI intervention.
set_property source_mgmt_mode None [current_project]
set_property top pipeLinedProcessor [get_filesets sim_1]
set_property top_lib xil_defaultlib [get_filesets sim_1]
# Re-enabling previously disabled source management mode.
set_property source_mgmt_mode All [current_project]
launch_simulation
source pipeLinedProcessor.tcl
# Disabling source management mode.  This is to allow the top design properties to be set without GUI intervention.
set_property source_mgmt_mode None [current_project]
set_property top top [get_filesets sim_1]
set_property top_lib xil_defaultlib [get_filesets sim_1]
# Re-enabling previously disabled source management mode.
set_property source_mgmt_mode All [current_project]
launch_simulation
source top.tcl
current_sim simulation_4
close_sim
add_force {/top/clk} -radix hex {0 0ns} {1 10000ps} -repeat_every 20000ps
add_force {/top/reset} -radix hex {1 0ns} {0 32000ps} -repeat_every 40000ps -cancel_after 45ns
run all
current_wave_config {Untitled 5}
add_wave {{/top/pipe/pdatapath1/haltPC}} 
save_wave_config {C:/Users/TI LAB/Desktop/MIPS-32/PP/top_behav.wcfg}
add_files -fileset sim_1 -norecurse {{C:/Users/TI LAB/Desktop/MIPS-32/PP/top_behav.wcfg}}
set_property xsim.view {{C:/Users/TI LAB/Desktop/MIPS-32/PP/top_behav.wcfg}} [get_filesets sim_1]
run all
close_sim
launch_simulation
open_wave_config {C:/Users/TI LAB/Desktop/MIPS-32/PP/top_behav.wcfg}
source top.tcl
add_force {/top/clk} -radix hex {0 0ns} {1 10000ps} -repeat_every 20000ps
add_force {/top/reset} -radix hex {1 0ns} {0 32000ps} -repeat_every 40000ps -cancel_after 45ns
save_wave_config {C:/Users/TI LAB/Desktop/MIPS-32/PP/top_behav.wcfg}
run all
add_bp {C:/Users/TI LAB/Desktop/MIPS-32/PP/project_1.srcs/sources_1/new/comparator.vhd} 78
remove_bps -file {C:/Users/TI LAB/Desktop/MIPS-32/PP/project_1.srcs/sources_1/new/comparator.vhd} -line 78
current_wave_config {top_behav.wcfg}
add_wave {{/top/pipe/pdatapath1/CU_haltCPU}} 
save_wave_config {C:/Users/TI LAB/Desktop/MIPS-32/PP/top_behav.wcfg}
run all
save_wave_config {C:/Users/TI LAB/Desktop/MIPS-32/PP/top_behav.wcfg}
save_wave_config {C:/Users/TI LAB/Desktop/MIPS-32/PP/top_behav.wcfg}
close_sim
launch_simulation
open_wave_config {C:/Users/TI LAB/Desktop/MIPS-32/PP/top_behav.wcfg}
source top.tcl
add_force {/top/clk} -radix hex {0 0ns} {1 10000ps} -repeat_every 20000ps
add_force {/top/reset} -radix hex {1 0ns} {0 32000ps} -repeat_every 40000ps -cancel_after 45ns
run all
close_sim
launch_simulation
open_wave_config {C:/Users/TI LAB/Desktop/MIPS-32/PP/top_behav.wcfg}
source top.tcl
add_force {/top/clk} -radix hex {0 0ns} {1 10000ps} -repeat_every 20000ps
add_force {/top/reset} -radix hex {1 0ns} {0 32000ps} -repeat_every 40000ps -cancel_after 45ns
run all
